// Jest Snapshot v1, https://goo.gl/fbAQLP

exports[`<SideNav /> Sidenav snapshot 1`] = `
<div
  className="main__container"
>
  <div
    className="hamburguer__control--wrapper"
  >
    <label
      className="hamburguer__label"
      htmlFor="h__check"
    >
      <svg
        className="hamburguer__icon"
        fill="currentColor"
        height="1em"
        stroke="currentColor"
        strokeWidth="0"
        style={
          Object {
            "color": undefined,
          }
        }
        viewBox="0 0 512 512"
        width="1em"
        xmlns="http://www.w3.org/2000/svg"
      >
        <path
          d="M64 384h384v-42.666H64V384zm0-106.666h384v-42.667H64v42.667zM64 128v42.665h384V128H64z"
        />
      </svg>
    </label>
    <input
      id="h__check"
      name="hamburguer"
      onClick={[Function]}
      type="checkbox"
    />
  </div>
  <nav
    className="sidenav__main--wrapper hide"
  >
    <div
      className="user__section"
    >
      <img
        alt=""
        className="user__avatar"
        src=""
      />
      <h1
        className="user__name"
      />
      <h2
        className="user__jobtitle"
      >
        Asistente Administrativo
      </h2>
      <h3
        className="user__rol"
      >
        Webmaster
      </h3>
    </div>
    <div
      className="modules__section"
    >
      <a
        className="module__wrapper"
        href="/login"
        onClick={[Function]}
      >
        <div
          className="icon__wrapper"
        >
          <svg
            className="module__icon"
            fill="currentColor"
            height="1em"
            stroke="currentColor"
            strokeWidth="0"
            style={
              Object {
                "color": undefined,
              }
            }
            viewBox="0 0 1024 1024"
            width="1em"
            xmlns="http://www.w3.org/2000/svg"
          >
            <path
              d="M868 732h-70.3c-4.8 0-9.3 2.1-12.3 5.8-7 8.5-14.5 16.7-22.4 24.5a353.84 353.84 0 0 1-112.7 75.9A352.8 352.8 0 0 1 512.4 866c-47.9 0-94.3-9.4-137.9-27.8a353.84 353.84 0 0 1-112.7-75.9 353.28 353.28 0 0 1-76-112.5C167.3 606.2 158 559.9 158 512s9.4-94.2 27.8-137.8c17.8-42.1 43.4-80 76-112.5s70.5-58.1 112.7-75.9c43.6-18.4 90-27.8 137.9-27.8 47.9 0 94.3 9.3 137.9 27.8 42.2 17.8 80.1 43.4 112.7 75.9 7.9 7.9 15.3 16.1 22.4 24.5 3 3.7 7.6 5.8 12.3 5.8H868c6.3 0 10.2-7 6.7-12.3C798 160.5 663.8 81.6 511.3 82 271.7 82.6 79.6 277.1 82 516.4 84.4 751.9 276.2 942 512.4 942c152.1 0 285.7-78.8 362.3-197.7 3.4-5.3-.4-12.3-6.7-12.3zm88.9-226.3L815 393.7c-5.3-4.2-13-.4-13 6.3v76H488c-4.4 0-8 3.6-8 8v56c0 4.4 3.6 8 8 8h314v76c0 6.7 7.8 10.5 13 6.3l141.9-112a8 8 0 0 0 0-12.6z"
            />
          </svg>
        </div>
        <h3
          className="module__name"
        >
          Cerrar Sesi√≥n
        </h3>
        <div
          className="icon__wrapper"
        >
          <svg
            className="expand__icon"
            fill="currentColor"
            height="1em"
            stroke="currentColor"
            strokeWidth="0"
            style={
              Object {
                "color": undefined,
              }
            }
            viewBox="0 0 1024 1024"
            width="1em"
            xmlns="http://www.w3.org/2000/svg"
          >
            <path
              d="M765.7 486.8L314.9 134.7A7.97 7.97 0 0 0 302 141v77.3c0 4.9 2.3 9.6 6.1 12.6l360 281.1-360 281.1c-3.9 3-6.1 7.7-6.1 12.6V883c0 6.7 7.7 10.4 12.9 6.3l450.8-352.1a31.96 31.96 0 0 0 0-50.4z"
            />
          </svg>
        </div>
      </a>
    </div>
  </nav>
  <div
    className="main__content content__expanded"
  />
</div>
`;
